<html>
<body>
<pre>
<h1>µVision Build Log</h1>
<h2>Tool Versions:</h2>
IDE-Version: µVision V5.24.2.0
Copyright (C) 2017 ARM Ltd and ARM Germany GmbH. All rights reserved.
License Information: Sohaib Chafik, INPT, LIC=----
 
Tool Versions:
Toolchain:       MDK-Lite  Version: 5.24.1
Toolchain Path:  D:\Programs\KeilV5\ARM\ARMCC\Bin
C Compiler:      Armcc.exe V5.06 update 5 (build 528)
Assembler:       Armasm.exe V5.06 update 5 (build 528)
Linker/Locator:  ArmLink.exe V5.06 update 5 (build 528)
Library Manager: ArmAr.exe V5.06 update 5 (build 528)
Hex Converter:   FromElf.exe V5.06 update 5 (build 528)
CPU DLL:         SARMCM3.DLL V5.24.1
Dialog DLL:      DCM.DLL V1.16.0.0
Target DLL:      STLink\ST-LINKIII-KEIL_SWO.dll V3.0.1.0
Dialog DLL:      TCM.DLL V1.32.0.0
 
<h2>Project:</h2>
D:\user docs\Files\WORKSPACES\workspace_CubeMX\06_02_2019_Phased_Array_Emulation\MDK-ARM\06_02_2019_Phased_Array_Emulation.uvprojx
Project File Date:  02/06/2019

<h2>Output:</h2>
*** Using Compiler 'V5.06 update 5 (build 528)', folder: 'D:\Programs\KeilV5\ARM\ARMCC\Bin'
Rebuild target '06_02_2019_Phased_Array_Emulation'
assembling startup_stm32f429xx.s...
compiling stm32f4xx_hal_flash_ramfunc.c...
compiling stm32f4xx_hal_dac_ex.c...
compiling stm32f4xx_hal.c...
compiling system_stm32f4xx.c...
compiling stm32f4xx_hal_tim.c...
compiling stm32f4xx_hal_gpio.c...
compiling stm32f4xx_hal_cortex.c...
compiling stm32f4xx_hal_dac.c...
compiling stm32f4xx_hal_dma_ex.c...
compiling stm32f4xx_hal_tim_ex.c...
compiling stm32f4xx_hal_pwr.c...
compiling stm32f4xx_hal_dma.c...
compiling stm32f4xx_hal_flash_ex.c...
compiling stm32f4xx_hal_rcc.c...
compiling stm32f4xx_hal_pwr_ex.c...
compiling stm32f4xx_hal_msp.c...
compiling stm32f4xx_hal_flash.c...
compiling stm32f4xx_it.c...
compiling main.c...
../Src/main.c(223): warning:  #1035-D: single-precision operand implicitly converted to double-precision
  						signal_H1 [i] = 2048 *(sin( T1 + ((phase_H1 [j]) * 
I/180)) + 1 );   												
../Src/main.c(229): warning:  #1035-D: single-precision operand implicitly converted to double-precision
  						signal_H2 [i] = 2048 *(sin( T2 + ((phase_H2 [j]) * 
I/180)) + 1 );
../Src/main.c(235): warning:  #1035-D: single-precision operand implicitly converted to double-precision
  						signal_H3 [i] = 2048 *(sin( T3 + ((phase_H3 [j]) * 
I/180)) + 1 );
../Src/main.c: 3 warnings, 0 errors
compiling stm32f4xx_hal_rcc_ex.c...
linking...
Program Size: Code=9260 RO-data=764 RW-data=84 ZI-data=14788  
"06_02_2019_Phased_Array_Emulation\06_02_2019_Phased_Array_Emulation.axf" - 0 Error(s), 3 Warning(s).

<h2>Software Packages used:</h2>

Package Vendor: ARM
                http://www.keil.com/pack/ARM.CMSIS.5.4.0.pack
                ARM.CMSIS.5.4.0
                CMSIS (Cortex Microcontroller Software Interface Standard)
   * Component: CORE Version: 5.1.2

Package Vendor: Keil
                http://www.keil.com/pack/Keil.STM32F4xx_DFP.2.13.0.pack
                Keil.STM32F4xx_DFP.2.13.0
                STMicroelectronics STM32F4 Series Device Support, Drivers and Examples

<h2>Collection of Component include folders:</h2>
  .\RTE\_06_02_2019_Phased_Array_Emulation
  D:\Programs\KeilV5\ARM\CMSIS\5.4.0\CMSIS\Core\Include
  D:\Programs\KeilV5\Keil\STM32F4xx_DFP\2.13.0\Drivers\CMSIS\Device\ST\STM32F4xx\Include

<h2>Collection of Component Files used:</h2>

   * Component: ARM::CMSIS:CORE:5.1.2
Build Time Elapsed:  00:00:42
</pre>
</body>
</html>
